// Jest Snapshot v1, https://goo.gl/fbAQLP

exports[`components/Cover renders Cover 1`] = `
<LazyLoad
  height={50}
  offset={0}
  once={false}
  overflow={false}
  resize={false}
  scroll={true}
  unmountIfInvisible={false}
>
  <styled.img
    alt="Album cover"
    size={50}
    src="test.png"
  />
</LazyLoad>
`;

exports[`components/Cover renders a temp cover if no images are provided 1`] = `
<styled.img
  size={50}
/>
`;
