// Jest Snapshot v1, https://goo.gl/fbAQLP

exports[`components/AddTrack #handleKeyUp calls mutation with variables 1`] = `
Object {
  "input": Object {
    "roomName": "test",
    "spotifyId": "1234",
    "userId": "md5",
  },
}
`;

exports[`components/AddTrack #handleKeyUp sets optimistic response 1`] = `
Object {
  "queueTrack": Object {
    "__typename": "Track",
    "album": Array [],
    "artists": Array [],
    "duration": 0,
    "name": "",
    "spotifyUri": "1234",
    "user": "",
  },
}
`;

exports[`components/AddTrack can render 1`] = `
<div>
  <input
    onKeyUp={[Function]}
    placeholder="Spotify URI"
    type="text"
  />
</div>
`;
