// Jest Snapshot v1, https://goo.gl/fbAQLP

exports[`components/Room renders Room 1`] = `
<styled.section>
  <WejayHeader />
  <Droparea />
  <styled.section>
    <RoomHeader
      name="test"
      numberOfUsers={0}
      queue={Array []}
    />
    <Apollo(RoomSearch) />
    <TrackList
      tracks={Array []}
    />
  </styled.section>
  <NowPlaying
    track={
      Object {
        "album": Object {
          "images": Array [],
          "name": "test",
        },
        "artists": Array [
          Object {
            "name": "artist",
          },
          Object {
            "name": "artist two",
          },
        ],
        "duration": 123132,
        "name": "track",
        "spotifyUri": "12314",
        "started": null,
        "user": Object {
          "email": "cookie@monster.com",
          "id": "1337",
        },
      }
    }
  />
</styled.section>
`;
