// Jest Snapshot v1, https://goo.gl/fbAQLP

exports[`components/Users renders Users and filters users without play and no plays in the last hour 1`] = `
<ul
  className="Users"
>
  <li
    className="Users__user"
    key="3"
  >
    <Gravatar
      email="big@bird.com"
      size={30}
    />
    <div
      className="Users__email"
    >
      big@bird.com
    </div>
    <div
      className="Users__lastPlay"
    >
      in 2 hours
    </div>
  </li>
  <li
    className="Users__user"
    key="3"
  >
    <Gravatar
      email="big@bird.com"
      size={30}
    />
    <div
      className="Users__email"
    >
      big@bird.com
    </div>
    <div
      className="Users__lastPlay"
    >
      in 2 hours
    </div>
  </li>
</ul>
`;
