// Jest Snapshot v1, https://goo.gl/fbAQLP

exports[`components/NowPlaying renders NowPlaying 1`] = `
<styled.section>
  <styled.section>
    <Component
      small={true}
      track={
        Object {
          "artists": Array [
            Object {
              "name": "artist one",
            },
            Object {
              "name": "artist two",
            },
          ],
          "user": Object {
            "id": "1337",
          },
        }
      }
      width={40}
    />
    <styled.div>
      <TrackArtist
        artists={
          Array [
            Object {
              "name": "artist one",
            },
            Object {
              "name": "artist two",
            },
          ]
        }
      />
      <styled.div />
    </styled.div>
    <PositionTracker
      track={
        Object {
          "artists": Array [
            Object {
              "name": "artist one",
            },
            Object {
              "name": "artist two",
            },
          ],
          "user": Object {
            "id": "1337",
          },
        }
      }
    />
    <Gravatar
      email=""
      id="1337"
      size={30}
    />
  </styled.section>
</styled.section>
`;
