// Jest Snapshot v1, https://goo.gl/fbAQLP

exports[`components/AddRoom renders AddRoom 1`] = `
<div
  className="AddRoom"
>
  <form
    method="POST"
    onSubmit={[Function]}
  >
    <input
      className="Input"
      onChange={[Function]}
      placeholder="Room name"
      type="text"
      value=""
    />
    <button
      className="Rooms__button"
      disabled={true}
      type="submit"
    >
      Add new room
    </button>
  </form>
</div>
`;
