// Jest Snapshot v1, https://goo.gl/fbAQLP

exports[`components/TrackList can render 1`] = `
<styled.section>
  <TrackItem
    key="1337"
    track={
      Object {
        "name": "Circles",
        "spotifyUri": 1337,
      }
    }
  />
</styled.section>
`;

exports[`components/TrackList should display empty state when no TrackList 1`] = `
<div
  className="EmptyState"
>
  Queue is empty
</div>
`;
